ALL_ROOT\=/tmp/iosApp.dst
    export IPHONEOS_DEPLOYMENT_TARGET\=15.0
    export IS_UNOPTIMIZED_BUILD\=YES
    export JAVAC_DEFAULT_FLAGS\=-J-Xms64m\ -J-XX:NewSize\=4M\ -J-Dfile.encoding\=UTF8
    export JAVA_APP_STUB\=/System/Library/Frameworks/JavaVM.framework/Resources/MacOS/JavaApplicationStub
    export JAVA_ARCHIVE_CLASSES\=YES
    export JAVA_ARCHIVE_TYPE\=JAR
    export JAVA_COMPILER\=/usr/bin/javac
    export JAVA_FOLDER_PATH\=DaftarAlMoallim.app/Java
    export JAVA_FRAMEWORK_RESOURCES_DIRS\=Resources
    export JAVA_JAR_FLAGS\=cv
    export JAVA_SOURCE_SUBDIR\=.
    export JAVA_USE_DEPENDENCIES\=YES
    export JAVA_ZIP_FLAGS\=-urg
    export JIKES_DEFAULT_FLAGS\=+E\ +OLDCSO
    export KEEP_PRIVATE_EXTERNS\=NO
    export LD_DEPENDENCY_INFO_FILE\=/Users/runner/work/Diftar-ios/Diftar-ios/iosApp/build/iosApp.build/Debug-iphonesimulator/iosApp.build/Objects-normal/undefined_arch/DaftarAlMoallim_dependency_info.dat
    export LD_EXPORT_SYMBOLS\=YES
    export LD_GENERATE_MAP_FILE\=NO
    export LD_MAP_FILE_PATH\=/Users/runner/work/Diftar-ios/Diftar-ios/iosApp/build/iosApp.build/Debug-iphonesimulator/iosApp.build/DaftarAlMoallim-LinkMap-normal-undefined_arch.txt
    export LD_NO_PIE\=NO
    export LD_QUOTE_LINKER_ARGUMENTS_FOR_COMPILER_DRIVER\=YES
    export LD_RUNPATH_SEARCH_PATHS\=\ @executable_path/Frameworks
    export LD_RUNPATH_SEARCH_PATHS_YES\=@loader_path/../Frameworks
    export LD_SHARED_CACHE_ELIGIBLE\=Automatic
    export LD_WARN_DUPLICATE_LIBRARIES\=NO
    export LD_WARN_UNUSED_DYLIBS\=NO
    export LEGACY_DEVELOPER_DIR\=/Applications/Xcode_16.4.app/Contents/PlugIns/Xcode3Core.ideplugin/Contents/SharedSupport/Developer
    export LEX\=lex
    export LIBRARY_DEXT_INSTALL_PATH\=/Library/DriverExtensions
    export LIBRARY_FLAG_NOSPACE\=YES
    export LIBRARY_FLAG_PREFIX\=-l
    export LIBRARY_KEXT_INSTALL_PATH\=/Library/Extensions
    export LIBRARY_SEARCH_PATHS\=/Users/runner/work/Diftar-ios/Diftar-ios/iosApp/build/Debug-iphonesimulator\ 
    export LINKER_DISPLAYS_MANGLED_NAMES\=NO
    export LINK_FILE_LIST_normal_arm64\=/Users/runner/work/Diftar-ios/Diftar-ios/iosApp/build/iosApp.build/Debug-iphonesimulator/iosApp.build/Objects-normal/arm64/DaftarAlMoallim.LinkFileList
    export LINK_OBJC_RUNTIME\=YES
    export LINK_WITH_STANDARD_LIBRARIES\=YES
    export LLVM_TARGET_TRIPLE_OS_VERSION\=ios15.0
    export LLVM_TARGET_TRIPLE_SUFFIX\=-simulator
    export LLVM_TARGET_TRIPLE_VENDOR\=apple
    export LM_AUX_CONST_METADATA_LIST_PATH_normal_arm64\=/Users/runner/work/Diftar-ios/Diftar-ios/iosApp/build/iosApp.build/Debug-iphonesimulator/iosApp.build/Objects-normal/arm64/DaftarAlMoallim.SwiftConstValuesFileList
    export LOCALIZATION_EXPORT_SUPPORTED\=YES
    export LOCALIZATION_PREFERS_STRING_CATALOGS\=NO
    export LOCALIZED_RESOURCES_FOLDER_PATH\=DaftarAlMoallim.app/en.lproj
    export LOCALIZED_STRING_MACRO_NAMES\=NSLocalizedString\ CFCopyLocalizedString
    export LOCALIZED_STRING_SWIFTUI_SUPPORT\=YES
    export LOCAL_ADMIN_APPS_DIR\=/Applications/Utilities
    export LOCAL_APPS_DIR\=/Applications
    export LOCAL_DEVELOPER_DIR\=/Library/Developer
    export LOCAL_LIBRARY_DIR\=/Library
    export LOCROOT\=/Users/runner/work/Diftar-ios/Diftar-ios/iosApp
    export LOCSYMROOT\=/Users/runner/work/Diftar-ios/Diftar-ios/iosApp
    export MACH_O_TYPE\=mh_execute
    export MAC_OS_X_PRODUCT_BUILD_VERSION\=24G830
    export MAC_OS_X_VERSION_ACTUAL\=150709
    export MAC_OS_X_VERSION_MAJOR\=150000
    export MAC_OS_X_VERSION_MINOR\=150700
    export MAKE_MERGEABLE\=NO
    export MARKETING_VERSION\=0.0.0.26
    export MERGEABLE_LIBRARY\=NO
    export MERGED_BINARY_TYPE\=none
    export MERGE_LINKED_LIBRARIES\=NO
    export METAL_LIBRARY_FILE_BASE\=default
    export METAL_LIBRARY_OUTPUT_DIR\=/Users/runner/work/Diftar-ios/Diftar-ios/iosApp/build/Debug-iphonesimulator/DaftarAlMoallim.app
    export MODULES_FOLDER_PATH\=DaftarAlMoallim.app/Modules
    export MTL_ENABLE_DEBUG_INFO\=INCLUDE_SOURCE
    export MTL_FAST_MATH\=YES
    export NATIVE_ARCH\=arm64
    export NATIVE_ARCH_32_BIT\=arm
    export NATIVE_ARCH_64_BIT\=arm64
    export NATIVE_ARCH_ACTUAL\=arm64
    export NO_COMMON\=YES
    export OBJC_ABI_VERSION\=2
    export OBJECT_FILE_DIR\=/Users/runner/work/Diftar-ios/Diftar-ios/iosApp/build/iosApp.build/Debug-iphonesimulator/iosApp.build/Objects
    export OBJECT_FILE_DIR_normal\=/Users/runner/work/Diftar-ios/Diftar-ios/iosApp/build/iosApp.build/Debug-iphonesimulator/iosApp.build/Objects-normal
    export OBJROOT\=/Users/runner/work/Diftar-ios/Diftar-ios/iosApp/build
    export ONLY_ACTIVE_ARCH\=YES
    export OS\=MACOS
    export OSAC\=/usr/bin/osacompile
    export OTHER_LDFLAGS\=\ -framework\ ComposeApp
    export PACKAGE_TYPE\=com.apple.package-type.wrapper.application
    export PASCAL_STRINGS\=YES
    export PATH\=/Applications/Xcode_16.4.app/Contents/SharedFrameworks/SwiftBuild.framework/Versions/A/PlugIns/SWBBuildService.bundle/Contents/PlugIns/SWBUniversalPlatformPlugin.bundle/Contents/Frameworks/SWBUniversalPlatform.framework/Resources:/Applications/Xcode_16.4.app/Contents/Developer/Toolchains/XcodeDefault.xctoolchain/usr/bin:/Applications/Xcode_16.4.app/Contents/Developer/Toolchains/XcodeDefault.xctoolchain/usr/local/bin:/Applications/Xcode_16.4.app/Contents/Developer/Toolchains/XcodeDefault.xctoolchain/usr/libexec:/Applications/Xcode_16.4.app/Contents/Developer/Platforms/iPhoneSimulator.platform/usr/bin:/Applications/Xcode_16.4.app/Contents/Developer/Platforms/iPhoneSimulator.platform/usr/local/bin:/Applications/Xcode_16.4.app/Contents/Developer/Platforms/iPhoneSimulator.platform/Developer/usr/bin:/Applications/Xcode_16.4.app/Contents/Developer/Platforms/iPhoneSimulator.platform/Developer/usr/local/bin:/Applications/Xcode_16.4.app/Contents/Developer/usr/bin:/Applications/Xcode_16.4.app/Contents/Developer/usr/local/bin:/Users/runner/hostedtoolcache/Java_Temurin-Hotspot_jdk/17.0.20-101/arm64/Contents/Home/bin:/opt/homebrew/lib/ruby/gems/3.3.0/bin:/opt/homebrew/opt/ruby@3.3/bin:/Users/runner/.local/bin:/opt/homebrew/bin:/opt/homebrew/sbin:/Users/runner/.cargo/bin:/usr/local/opt/curl/bin:/usr/local/bin:/usr/local/sbin:/Users/runner/bin:/Users/runner/.yarn/bin:/Users/runner/Library/Android/sdk/tools:/Users/runner/Library/Android/sdk/platform-tools:/Library/Frameworks/Python.framework/Versions/Current/bin:/Library/Frameworks/Mono.framework/Versions/Current/Commands:/usr/bin:/bin:/usr/sbin:/sbin:/Users/runner/.dotnet/tools
    export PATH_PREFIXES_EXCLUDED_FROM_HEADER_DEPENDENCIES\=/usr/include\ /usr/local/include\ /System/Library/Frameworks\ /System/Library/PrivateFrameworks\ /Applications/Xcode_16.4.app/Contents/Developer/Headers\ /Applications/Xcode_16.4.app/Contents/Developer/SDKs\ /Applications/Xcode_16.4.app/Contents/Developer/Platforms
    export PBDEVELOPMENTPLIST_PATH\=DaftarAlMoallim.app/pbdevelopment.plist
    export PER_ARCH_MODULE_FILE_DIR\=/Users/runner/work/Diftar-ios/Diftar-ios/iosApp/build/iosApp.build/Debug-iphonesimulator/iosApp.build/Objects-normal/undefined_arch
    export PER_ARCH_OBJECT_FILE_DIR\=/Users/runner/work/Diftar-ios/Diftar-ios/iosApp/build/iosApp.build/Debug-iphonesimulator/iosApp.build/Objects-normal/undefined_arch
    export PER_VARIANT_OBJECT_FILE_DIR\=/Users/runner/work/Diftar-ios/Diftar-ios/iosApp/build/iosApp.build/Debug-iphonesimulator/iosApp.build/Objects-normal
    export PKGINFO_FILE_PATH\=/Users/runner/work/Diftar-ios/Diftar-ios/iosApp/build/iosApp.build/Debug-iphonesimulator/iosApp.build/PkgInfo
    export PKGINFO_PATH\=DaftarAlMoallim.app/PkgInfo
    export PLATFORM_DEVELOPER_APPLICATIONS_DIR\=/Applications/Xcode_16.4.app/Contents/Developer/Platforms/iPhoneSimulator.platform/Developer/Applications
    export PLATFORM_DEVELOPER_BIN_DIR\=/Applications/Xcode_16.4.app/Contents/Developer/Platforms/iPhoneSimulator.platform/Developer/usr/bin
    export PLATFORM_DEVELOPER_LIBRARY_DIR\=/Applications/Xcode_16.4.app/Contents/Developer/Platforms/iPhoneSimulator.platform/Developer/Library
    export PLATFORM_DEVELOPER_SDK_DIR\=/Applications/Xcode_16.4.app/Contents/Developer/Platforms/iPhoneSimulator.platform/Developer/SDKs
    export PLATFORM_DEVELOPER_TOOLS_DIR\=/Applications/Xcode_16.4.app/Contents/Developer/Platforms/iPhoneSimulator.platform/Developer/Tools
    export PLATFORM_DEVELOPER_USR_DIR\=/Applications/Xcode_16.4.app/Contents/Developer/Platforms/iPhoneSimulator.platform/Developer/usr
    export PLATFORM_DIR\=/Applications/Xcode_16.4.app/Contents/Developer/Platforms/iPhoneSimulator.platform
    export PLATFORM_DISPLAY_NAME\=iOS\ Simulator
    export PLATFORM_FAMILY_NAME\=iOS
    export PLATFORM_NAME\=iphonesimulator
    export PLATFORM_PREFERRED_ARCH\=x86_64
    export PLATFORM_PRODUCT_BUILD_VERSION\=22F76
    export PLATFORM_REQUIRES_SWIFT_AUTOLINK_EXTRACT\=NO
    export PLATFORM_REQUIRES_SWIFT_MODULEWRAP\=NO
    export PLIST_FILE_OUTPUT_FORMAT\=binary
    export PLUGINS_FOLDER_PATH\=DaftarAlMoallim.app/PlugIns
    export PRECOMPS_INCLUDE_HEADERS_FROM_BUILT_PRODUCTS_DIR\=YES
    export PRECOMP_DESTINATION_DIR\=/Users/runner/work/Diftar-ios/Diftar-ios/iosApp/build/iosApp.build/Debug-iphonesimulator/iosApp.build/PrefixHeaders
    export PRIVATE_HEADERS_FOLDER_PATH\=DaftarAlMoallim.app/PrivateHeaders
    export PROCESSED_INFOPLIST_PATH\=/Users/runner/work/Diftar-ios/Diftar-ios/iosApp/build/iosApp.build/Debug-iphonesimulator/iosApp.build/Objects-normal/undefined_arch/Processed-Info.plist
    export PRODUCT_BUNDLE_IDENTIFIER\=com.elyedali.schoolmanager
    export PRODUCT_BUNDLE_PACKAGE_TYPE\=APPL
    export PRODUCT_MODULE_NAME\=DaftarAlMoallim
    export PRODUCT_NAME\=DaftarAlMoallim
    export PRODUCT_SETTINGS_PATH\=/Users/runner/work/Diftar-ios/Diftar-ios/iosApp/iosApp/Info.plist
    export PRODUCT_TYPE\=com.apple.product-type.application
    export PROFILING_CODE\=NO
    export PROJECT\=iosApp
    export PROJECT_DERIVED_FILE_DIR\=/Users/runner/work/Diftar-ios/Diftar-ios/iosApp/build/iosApp.build/DerivedSources
    export PROJECT_DIR\=/Users/runner/work/Diftar-ios/Diftar-ios/iosApp
    export PROJECT_FILE_PATH\=/Users/runner/work/Diftar-ios/Diftar-ios/iosApp/iosApp.xcodeproj
    export PROJECT_GUID\=7b79493a8b7fc1f2fff3c51cd12ba024
    export PROJECT_NAME\=iosApp
    export PROJECT_TEMP_DIR\=/Users/runner/work/Diftar-ios/Diftar-ios/iosApp/build/iosApp.build
    export PROJECT_TEMP_ROOT\=/Users/runner/work/Diftar-ios/Diftar-ios/iosApp/build
    export PROVISIONING_PROFILE_REQUIRED\=NO
    export PROVISIONING_PROFILE_REQUIRED_YES_YES\=YES
    export PROVISIONING_PROFILE_SUPPORTED\=YES
    export PUBLIC_HEADERS_FOLDER_PATH\=DaftarAlMoallim.app/Headers
    export RECOMMENDED_IPHONEOS_DEPLOYMENT_TARGET\=15.0
    export RECURSIVE_SEARCH_PATHS_FOLLOW_SYMLINKS\=YES
    export REMOVE_CVS_FROM_RESOURCES\=YES
    export REMOVE_GIT_FROM_RESOURCES\=YES
    export REMOVE_HEADERS_FROM_EMBEDDED_BUNDLES\=YES
    export REMOVE_HG_FROM_RESOURCES\=YES
    export REMOVE_STATIC_EXECUTABLES_FROM_EMBEDDED_BUNDLES\=YES
    export REMOVE_SVN_FROM_RESOURCES\=YES
    export RESCHEDULE_INDEPENDENT_HEADERS_PHASES\=YES
    export REZ_COLLECTOR_DIR\=/Users/runner/work/Diftar-ios/Diftar-ios/iosApp/build/iosApp.build/Debug-iphonesimulator/iosApp.build/ResourceManagerResources
    export REZ_OBJECTS_DIR\=/Users/runner/work/Diftar-ios/Diftar-ios/iosApp/build/iosApp.build/Debug-iphonesimulator/iosApp.build/ResourceManagerResources/Objects
    export REZ_SEARCH_PATHS\=/Users/runner/work/Diftar-ios/Diftar-ios/iosApp/build/Debug-iphonesimulator\ 
    export SCAN_ALL_SOURCE_FILES_FOR_INCLUDES\=NO
    export SCRIPTS_FOLDER_PATH\=DaftarAlMoallim.app/Scripts
    export SCRIPT_INPUT_FILE_COUNT\=0
    export SCRIPT_INPUT_FILE_LIST_COUNT\=0
    export SCRIPT_OUTPUT_FILE_COUNT\=0
    export SCRIPT_OUTPUT_FILE_LIST_COUNT\=0
    export SDKROOT\=/Applications/Xcode_16.4.app/Contents/Developer/Platforms/iPhoneSimulator.platform/Developer/SDKs/iPhoneSimulator18.5.sdk
    export SDK_DIR\=/Applications/Xcode_16.4.app/Contents/Developer/Platforms/iPhoneSimulator.platform/Developer/SDKs/iPhoneSimulator18.5.sdk
    export SDK_DIR_iphonesimulator\=/Applications/Xcode_16.4.app/Contents/Developer/Platforms/iPhoneSimulator.platform/Developer/SDKs/iPhoneSimulator18.5.sdk
    export SDK_DIR_iphonesimulator18_5\=/Applications/Xcode_16.4.app/Contents/Developer/Platforms/iPhoneSimulator.platform/Developer/SDKs/iPhoneSimulator18.5.sdk
    export SDK_NAME\=iphonesimulator18.5
    export SDK_NAMES\=iphonesimulator18.5
    export SDK_PRODUCT_BUILD_VERSION\=22F76
    export SDK_STAT_CACHE_DIR\=/var/folders/nj/vtw8zd2j31d1gdrtntc5y4600000gn/C/com.apple.DeveloperTools/16.4-16F6/Xcode
    export SDK_STAT_CACHE_ENABLE\=YES
    export SDK_STAT_CACHE_PATH\=/var/folders/nj/vtw8zd2j31d1gdrtntc5y4600000gn/C/com.apple.DeveloperTools/16.4-16F6/Xcode/SDKStatCaches.noindex/iphonesimulator18.5-22F76-96ae0914227b19deccb34b33ba7b5dea.sdkstatcache
    export SDK_VERSION\=18.5
    export SDK_VERSION_ACTUAL\=180500
    export SDK_VERSION_MAJOR\=180000
    export SDK_VERSION_MINOR\=180500
    export SED\=/usr/bin/sed
    export SEPARATE_STRIP\=NO
    export SEPARATE_SYMBOL_EDIT\=NO
    export SET_DIR_MODE_OWNER_GROUP\=YES
    export SET_FILE_MODE_OWNER_GROUP\=NO
    export SHALLOW_BUNDLE\=YES
    export SHALLOW_BUNDLE_TRIPLE\=ios-simulator
    export SHALLOW_BUNDLE_ios_macabi\=NO
    export SHALLOW_BUNDLE_macos\=NO
    export SHARED_DERIVED_FILE_DIR\=/Users/runner/work/Diftar-ios/Diftar-ios/iosApp/build/Debug-iphonesimulator/DerivedSources
    export SHARED_FRAMEWORKS_FOLDER_PATH\=DaftarAlMoallim.app/SharedFrameworks
    export SHARED_PRECOMPS_DIR\=/Users/runner/work/Diftar-ios/Diftar-ios/iosApp/build/SharedPrecompiledHeaders
    export SHARED_SUPPORT_FOLDER_PATH\=DaftarAlMoallim.app/SharedSupport
    export SKIP_INSTALL\=NO
    export SOURCE_ROOT\=/Users/runner/work/Diftar-ios/Diftar-ios/iosApp
    export SRCROOT\=/Users/runner/work/Diftar-ios/Diftar-ios/iosApp
    export STRINGSDATA_DIR\=/Users/runner/work/Diftar-ios/Diftar-ios/iosApp/build/iosApp.build/Debug-iphonesimulator/iosApp.build/Objects-normal/undefined_arch
    export STRINGSDATA_ROOT\=/Users/runner/work/Diftar-ios/Diftar-ios/iosApp/build/iosApp.build/Debug-iphonesimulator/iosApp.build
    export STRINGS_FILE_INFOPLIST_RENAME\=YES
    export STRINGS_FILE_OUTPUT_ENCODING\=binary
    export STRIP_BITCODE_FROM_COPIED_FILES\=NO
    export STRIP_INSTALLED_PRODUCT\=NO
    export STRIP_STYLE\=all
    export STRIP_SWIFT_SYMBOLS\=YES
    export SUPPORTED_DEVICE_FAMILIES\=1,2
    export SUPPORTED_PLATFORMS\=iphoneos\ iphonesimulator
    export SUPPORTS_MACCATALYST\=NO
    export SUPPORTS_ON_DEMAND_RESOURCES\=YES
    export SUPPORTS_TEXT_BASED_API\=NO
    export SUPPRESS_WARNINGS\=NO
    export SWIFT_ACTIVE_COMPILATION_CONDITIONS\=DEBUG
    export SWIFT_EMIT_LOC_STRINGS\=NO
    export SWIFT_OPTIMIZATION_LEVEL\=-Onone
    export SWIFT_PLATFORM_TARGET_PREFIX\=ios
    export SWIFT_RESPONSE_FILE_PATH_normal_arm64\=/Users/runner/work/Diftar-ios/Diftar-ios/iosApp/build/iosApp.build/Debug-iphonesimulator/iosApp.build/Objects-normal/arm64/DaftarAlMoallim.SwiftFileList
    export SWIFT_VERSION\=5.0
    export SYMROOT\=/Users/runner/work/Diftar-ios/Diftar-ios/iosApp/build
    export SYSTEM_ADMIN_APPS_DIR\=/Applications/Utilities
    export SYSTEM_APPS_DIR\=/Applications
    export SYSTEM_CORE_SERVICES_DIR\=/System/Library/CoreServices
    export SYSTEM_DEMOS_DIR\=/Applications/Extras
    export SYSTEM_DEVELOPER_APPS_DIR\=/Applications/Xcode_16.4.app/Contents/Developer/Applications
    export SYSTEM_DEVELOPER_BIN_DIR\=/Applications/Xcode_16.4.app/Contents/Developer/usr/bin
    export SYSTEM_DEVELOPER_DEMOS_DIR\=/Applications/Xcode_16.4.app/Contents/Developer/Applications/Utilities/Built\ Examples
    export SYSTEM_DEVELOPER_DIR\=/Applications/Xcode_16.4.app/Contents/Developer
    export SYSTEM_DEVELOPER_DOC_DIR\=/Applications/Xcode_16.4.app/Contents/Developer/ADC\ Reference\ Library
    export SYSTEM_DEVELOPER_GRAPHICS_TOOLS_DIR\=/Applications/Xcode_16.4.app/Contents/Developer/Applications/Graphics\ Tools
    export SYSTEM_DEVELOPER_JAVA_TOOLS_DIR\=/Applications/Xcode_16.4.app/Contents/Developer/Applications/Java\ Tools
    export SYSTEM_DEVELOPER_PERFORMANCE_TOOLS_DIR\=/Applications/Xcode_16.4.app/Contents/Developer/Applications/Performance\ Tools
    export SYSTEM_DEVELOPER_RELEASENOTES_DIR\=/Applications/Xcode_16.4.app/Contents/Developer/ADC\ Reference\ Library/releasenotes
    export SYSTEM_DEVELOPER_TOOLS\=/Applications/Xcode_16.4.app/Contents/Developer/Tools
    export SYSTEM_DEVELOPER_TOOLS_DOC_DIR\=/Applications/Xcode_16.4.app/Contents/Developer/ADC\ Reference\ Library/documentation/DeveloperTools
    export SYSTEM_DEVELOPER_TOOLS_RELEASENOTES_DIR\=/Applications/Xcode_16.4.app/Contents/Developer/ADC\ Reference\ Library/releasenotes/DeveloperTools
    export SYSTEM_DEVELOPER_USR_DIR\=/Applications/Xcode_16.4.app/Contents/Developer/usr
    export SYSTEM_DEVELOPER_UTILITIES_DIR\=/Applications/Xcode_16.4.app/Contents/Developer/Applications/Utilities
    export SYSTEM_DEXT_INSTALL_PATH\=/System/Library/DriverExtensions
    export SYSTEM_DOCUMENTATION_DIR\=/Library/Documentation
    export SYSTEM_EXTENSIONS_FOLDER_PATH\=DaftarAlMoallim.app/SystemExtensions
    export SYSTEM_EXTENSIONS_FOLDER_PATH_SHALLOW_BUNDLE_NO\=DaftarAlMoallim.app/Library/SystemExtensions
    export SYSTEM_EXTENSIONS_FOLDER_PATH_SHALLOW_BUNDLE_YES\=DaftarAlMoallim.app/SystemExtensions
    export SYSTEM_KEXT_INSTALL_PATH\=/System/Library/Extensions
    export SYSTEM_LIBRARY_DIR\=/System/Library
    export TAPI_DEMANGLE\=YES
    export TAPI_ENABLE_PROJECT_HEADERS\=NO
    export TAPI_LANGUAGE\=objective-c
    export TAPI_LANGUAGE_STANDARD\=compiler-default
    export TAPI_USE_SRCROOT\=YES
    export TAPI_VERIFY_MODE\=Pedantic
    export TARGETED_DEVICE_FAMILY\=1,2
    export TARGETNAME\=iosApp
    export TARGET_BUILD_DIR\=/Users/runner/work/Diftar-ios/Diftar-ios/iosApp/build/Debug-iphonesimulator
    export TARGET_NAME\=iosApp
    export TARGET_TEMP_DIR\=/Users/runner/work/Diftar-ios/Diftar-ios/iosApp/build/iosApp.build/Debug-iphonesimulator/iosApp.build
    export TEMP_DIR\=/Users/runner/work/Diftar-ios/Diftar-ios/iosApp/build/iosApp.build/Debug-iphonesimulator/iosApp.build
    export TEMP_FILES_DIR\=/Users/runner/work/Diftar-ios/Diftar-ios/iosApp/build/iosApp.build/Debug-iphonesimulator/iosApp.build
    export TEMP_FILE_DIR\=/Users/runner/work/Diftar-ios/Diftar-ios/iosApp/build/iosApp.build/Debug-iphonesimulator/iosApp.build
    export TEMP_ROOT\=/Users/runner/work/Diftar-ios/Diftar-ios/iosApp/build
    export TEMP_SANDBOX_DIR\=/Users/runner/work/Diftar-ios/Diftar-ios/iosApp/build/TemporaryTaskSandboxes
    export TEST_FRAMEWORK_SEARCH_PATHS\=\ /Applications/Xcode_16.4.app/Contents/Developer/Platforms/iPhoneSimulator.platform/Developer/Library/Frameworks\ /Applications/Xcode_16.4.app/Contents/Developer/Platforms/iPhoneSimulator.platform/Developer/SDKs/iPhoneSimulator18.5.sdk/Developer/Library/Frameworks
    export TEST_LIBRARY_SEARCH_PATHS\=\ /Applications/Xcode_16.4.app/Contents/Developer/Platforms/iPhoneSimulator.platform/Developer/usr/lib
    export TOOLCHAINS\=com.apple.dt.toolchain.XcodeDefault
    export TOOLCHAIN_DIR\=/Applications/Xcode_16.4.app/Contents/Developer/Toolchains/XcodeDefault.xctoolchain
    export TREAT_MISSING_BASELINES_AS_TEST_FAILURES\=NO
    export TREAT_MISSING_SCRIPT_PHASE_OUTPUTS_AS_ERRORS\=NO
    export UID\=501
    export UNINSTALLED_PRODUCTS_DIR\=/Users/runner/work/Diftar-ios/Diftar-ios/iosApp/build/UninstalledProducts
    export UNLOCALIZED_RESOURCES_FOLDER_PATH\=DaftarAlMoallim.app
    export UNLOCALIZED_RESOURCES_FOLDER_PATH_SHALLOW_BUNDLE_NO\=DaftarAlMoallim.app/Resources
    export UNLOCALIZED_RESOURCES_FOLDER_PATH_SHALLOW_BUNDLE_YES\=DaftarAlMoallim.app
    export UNSTRIPPED_PRODUCT\=NO
    export USER\=runner
    export USER_APPS_DIR\=/Users/runner/Applications
    export USER_LIBRARY_DIR\=/Users/runner/Library
    export USE_DYNAMIC_NO_PIC\=YES
    export USE_HEADERMAP\=YES
    export USE_HEADER_SYMLINKS\=NO
    export VALIDATE_DEVELOPMENT_ASSET_PATHS\=YES_ERROR
    export VALIDATE_PRODUCT\=NO
    export VALID_ARCHS\=arm64\ arm64e\ x86_64
    export VERBOSE_PBXCP\=NO
    export VERSIONPLIST_PATH\=DaftarAlMoallim.app/version.plist
    export VERSION_INFO_BUILDER\=runner
    export VERSION_INFO_FILE\=DaftarAlMoallim_vers.c
    export VERSION_INFO_STRING\=\"@\(\#\)PROGRAM:DaftarAlMoallim\ \ PROJECT:iosApp-26\"
    export WORKSPACE_DIR\=/Users/runner/work/Diftar-ios/Diftar-ios/iosApp/iosApp.xcodeproj
    export WRAPPER_EXTENSION\=app
    export WRAPPER_NAME\=DaftarAlMoallim.app
    export WRAPPER_SUFFIX\=.app
    export WRAP_ASSET_PACKS_IN_SEPARATE_DIRECTORIES\=NO
    export XCODE_APP_SUPPORT_DIR\=/Applications/Xcode_16.4.app/Contents/Developer/Library/Xcode
    export XCODE_PRODUCT_BUILD_VERSION\=16F6
    export XCODE_VERSION_ACTUAL\=1640
    export XCODE_VERSION_MAJOR\=1600
    export XCODE_VERSION_MINOR\=1640
    export XPCSERVICES_FOLDER_PATH\=DaftarAlMoallim.app/XPCServices
    export YACC\=yacc
    export _DISCOVER_COMMAND_LINE_LINKER_INPUTS\=YES
    export _DISCOVER_COMMAND_LINE_LINKER_INPUTS_INCLUDE_WL\=YES
    export _WRAPPER_CONTENTS_DIR_SHALLOW_BUNDLE_NO\=/Contents
    export _WRAPPER_PARENT_PATH_SHALLOW_BUNDLE_NO\=/..
    export _WRAPPER_RESOURCES_DIR_SHALLOW_BUNDLE_NO\=/Resources
    export __DIAGNOSE_DEPRECATED_ARCHS\=YES
    export __IS_NOT_MACOS\=YES
    export __IS_NOT_MACOS_macosx\=NO
    export __IS_NOT_SIMULATOR\=NO
    export __IS_NOT_SIMULATOR_simulator\=NO
    export arch\=undefined_arch
    export variant\=normal
    /bin/sh -c /Users/runner/work/Diftar-ios/Diftar-ios/iosApp/build/iosApp.build/Debug-iphonesimulator/iosApp.build/Script-4B44A75E2FD10EFE3C97FCF5.sh
> Task :composeApp:checkSandboxAndWriteProtection
> Task :composeApp:kmpPartiallyResolvedDependenciesChecker
> Task :composeApp:checkKotlinGradlePluginConfigurationErrors SKIPPED
> Task :composeApp:convertXmlValueResourcesForAppleMain NO-SOURCE
> Task :composeApp:copyNonXmlValueResourcesForAppleMain NO-SOURCE
> Task :composeApp:prepareComposeResourcesTaskForAppleMain NO-SOURCE
> Task :composeApp:generateResourceAccessorsForAppleMain NO-SOURCE
> Task :composeApp:convertXmlValueResourcesForCommonMain NO-SOURCE
> Task :composeApp:copyNonXmlValueResourcesForCommonMain UP-TO-DATE
> Task :composeApp:prepareComposeResourcesTaskForCommonMain UP-TO-DATE
> Task :composeApp:generateResourceAccessorsForCommonMain UP-TO-DATE
> Task :composeApp:convertXmlValueResourcesForIosMain NO-SOURCE
> Task :composeApp:copyNonXmlValueResourcesForIosMain NO-SOURCE
> Task :composeApp:prepareComposeResourcesTaskForIosMain NO-SOURCE
> Task :composeApp:generateResourceAccessorsForIosMain NO-SOURCE
> Task :composeApp:convertXmlValueResourcesForIosSimulatorArm64Main NO-SOURCE
> Task :composeApp:copyNonXmlValueResourcesForIosSimulatorArm64Main NO-SOURCE
> Task :composeApp:prepareComposeResourcesTaskForIosSimulatorArm64Main NO-SOURCE
> Task :composeApp:generateResourceAccessorsForIosSimulatorArm64Main NO-SOURCE
> Task :composeApp:convertXmlValueResourcesForNativeMain NO-SOURCE
> Task :composeApp:copyNonXmlValueResourcesForNativeMain NO-SOURCE
> Task :composeApp:prepareComposeResourcesTaskForNativeMain NO-SOURCE
> Task :composeApp:generateResourceAccessorsForNativeMain NO-SOURCE
> Task :composeApp:generateActualResourceCollectorsForIosSimulatorArm64Main UP-TO-DATE
> Task :composeApp:generateComposeResClass UP-TO-DATE
> Task :composeApp:generateExpectResourceCollectorsForCommonMain UP-TO-DATE
> Task :composeApp:kspKotlinIosSimulatorArm64 UP-TO-DATE
> Task :composeApp:compileKotlinIosSimulatorArm64 UP-TO-DATE
> Task :composeApp:linkDebugFrameworkIosSimulatorArm64
warning: The number of threads 4 is more than the number of processors 3
warning: Cannot infer a bundle ID from packages of source files and exported dependencies, use the bundle name instead: ComposeApp. Please specify the bundle ID explicitly using the -Xbinary=bundleId=<id> compiler flag.

> Task :composeApp:assembleDebugAppleFrameworkForXcodeIosSimulatorArm64
> Task :composeApp:createBuildSystemDirectory
> Task :composeApp:symbolicLinkToAssembleDebugAppleFrameworkForXcodeIosSimulatorArm64
> Task :composeApp:copyDsymForEmbedAndSignAppleFrameworkForXcode SKIPPED
> Task :composeApp:checkCanSyncComposeResourcesForIos
> Task :composeApp:iosArm64ResolveResourcesFromDependencies
> Task :composeApp:convertXmlValueResourcesForIosArm64Main NO-SOURCE
> Task :composeApp:copyNonXmlValueResourcesForIosArm64Main NO-SOURCE
> Task :composeApp:prepareComposeResourcesTaskForIosArm64Main NO-SOURCE
> Task :composeApp:assembleIosArm64MainResources
> Task :composeApp:iosArm64ResolveSelfResourcesCopyHierarchicalMultiplatformResources
> Task :composeApp:iosArm64AggregateResources
> Task :composeApp:iosSimulatorArm64ResolveResourcesFromDependencies
> Task :composeApp:assembleIosSimulatorArm64MainResources
> Task :composeApp:iosSimulatorArm64ResolveSelfResourcesCopyHierarchicalMultiplatformResources
> Task :composeApp:iosSimulatorArm64AggregateResources
> Task :composeApp:syncComposeResourcesForIos
> Task :composeApp:embedAndSignAppleFrameworkForXcode SKIPPED
gradle/actions: Writing build results to /Users/runner/work/_temp/.gradle-actions/build-results/__run_6-1790636900243.json

BUILD SUCCESSFUL in 9m 59s
24 actionable tasks: 16 executed, 8 up-to-date

MkDir /Users/runner/work/Diftar-ios/Diftar-ios/iosApp/build/iosApp.build/Debug-iphonesimulator/iosApp.build/assetcatalog_output/thinned (in target 'iosApp' from project 'iosApp')
    cd /Users/runner/work/Diftar-ios/Diftar-ios/iosApp
    /bin/mkdir -p /Users/runner/work/Diftar-ios/Diftar-ios/iosApp/build/iosApp.build/Debug-iphonesimulator/iosApp.build/assetcatalog_output/thinned

MkDir /Users/runner/work/Diftar-ios/Diftar-ios/iosApp/build/iosApp.build/Debug-iphonesimulator/iosApp.build/assetcatalog_output/unthinned (in target 'iosApp' from project 'iosApp')
    cd /Users/runner/work/Diftar-ios/Diftar-ios/iosApp
    /bin/mkdir -p /Users/runner/work/Diftar-ios/Diftar-ios/iosApp/build/iosApp.build/Debug-iphonesimulator/iosApp.build/assetcatalog_output/unthinned

CopyPlistFile /Users/runner/work/Diftar-ios/Diftar-ios/iosApp/build/Debug-iphonesimulator/DaftarAlMoallim.app/GoogleService-Info.plist /Users/runner/work/Diftar-ios/Diftar-ios/iosApp/iosApp/GoogleService-Info.plist (in target 'iosApp' from project 'iosApp')
    cd /Users/runner/work/Diftar-ios/Diftar-ios/iosApp
    builtin-copyPlist --convert binary1 --outdir /Users/runner/work/Diftar-ios/Diftar-ios/iosApp/build/Debug-iphonesimulator/DaftarAlMoallim.app -- /Users/runner/work/Diftar-ios/Diftar-ios/iosApp/iosApp/GoogleService-Info.plist

GenerateAssetSymbols /Users/runner/work/Diftar-ios/Diftar-ios/iosApp/iosApp/Assets.xcassets (in target 'iosApp' from project 'iosApp')
    cd /Users/runner/work/Diftar-ios/Diftar-ios/iosApp
    /Applications/Xcode_16.4.app/Contents/Developer/usr/bin/actool /Users/runner/work/Diftar-ios/Diftar-ios/iosApp/iosApp/Assets.xcassets --compile /Users/runner/work/Diftar-ios/Diftar-ios/iosApp/build/Debug-iphonesimulator/DaftarAlMoallim.app --output-format human-readable-text --notices --warnings --export-dependency-info /Users/runner/work/Diftar-ios/Diftar-ios/iosApp/build/iosApp.build/Debug-iphonesimulator/iosApp.build/assetcatalog_dependencies --output-partial-info-plist /Users/runner/work/Diftar-ios/Diftar-ios/iosApp/build/iosApp.build/Debug-iphonesimulator/iosApp.build/assetcatalog_generated_info.plist --app-icon AppIcon --compress-pngs --enable-on-demand-resources YES --development-region en --target-device iphone --target-device ipad --minimum-deployment-target 15.0 --platform iphonesimulator --bundle-identifier com.elyedali.schoolmanager --generate-swift-asset-symbol-extensions NO --generate-swift-asset-symbols /Users/runner/work/Diftar-ios/Diftar-ios/iosApp/build/iosApp.build/Debug-iphonesimulator/iosApp.build/DerivedSources/GeneratedAssetSymbols.swift --generate-objc-asset-symbols /Users/runner/work/Diftar-ios/Diftar-ios/iosApp/build/iosApp.build/Debug-iphonesimulator/iosApp.build/DerivedSources/GeneratedAssetSymbols.h --generate-asset-symbol-index /Users/runner/work/Diftar-ios/Diftar-ios/iosApp/build/iosApp.build/Debug-iphonesimulator/iosApp.build/DerivedSources/GeneratedAssetSymbols-Index.plist
/* com.apple.actool.compilation-results */
/Users/runner/work/Diftar-ios/Diftar-ios/iosApp/build/iosApp.build/Debug-iphonesimulator/iosApp.build/DerivedSources/GeneratedAssetSymbols-Index.plist
/Users/runner/work/Diftar-ios/Diftar-ios/iosApp/build/iosApp.build/Debug-iphonesimulator/iosApp.build/DerivedSources/GeneratedAssetSymbols.h
/Users/runner/work/Diftar-ios/Diftar-ios/iosApp/build/iosApp.build/Debug-iphonesimulator/iosApp.build/DerivedSources/GeneratedAssetSymbols.swift


CompileAssetCatalogVariant thinned /Users/runner/work/Diftar-ios/Diftar-ios/iosApp/build/Debug-iphonesimulator/DaftarAlMoallim.app /Users/runner/work/Diftar-ios/Diftar-ios/iosApp/iosApp/Assets.xcassets (in target 'iosApp' from project 'iosApp')
    cd /Users/runner/work/Diftar-ios/Diftar-ios/iosApp
    /Applications/Xcode_16.4.app/Contents/Developer/usr/bin/actool /Users/runner/work/Diftar-ios/Diftar-ios/iosApp/iosApp/Assets.xcassets --compile /Users/runner/work/Diftar-ios/Diftar-ios/iosApp/build/iosApp.build/Debug-iphonesimulator/iosApp.build/assetcatalog_output/thinned --output-format human-readable-text --notices --warnings --export-dependency-info /Users/runner/work/Diftar-ios/Diftar-ios/iosApp/build/iosApp.build/Debug-iphonesimulator/iosApp.build/assetcatalog_dependencies_thinned --output-partial-info-plist /Users/runner/work/Diftar-ios/Diftar-ios/iosApp/build/iosApp.build/Debug-iphonesimulator/iosApp.build/assetcatalog_generated_info.plist_thinned --app-icon AppIcon --compress-pngs --enable-on-demand-resources YES --development-region en --target-device iphone --target-device ipad --minimum-deployment-target 15.0 --platform iphonesimulator
/* com.apple.actool.compilation-results */
/Users/runner/work/Diftar-ios/Diftar-ios/iosApp/build/iosApp.build/Debug-iphonesimulator/iosApp.build/assetcatalog_generated_info.plist_thinned
/Users/runner/work/Diftar-ios/Diftar-ios/iosApp/build/iosApp.build/Debug-iphonesimulator/iosApp.build/assetcatalog_output/thinned/AppIcon60x60@2x.png
/Users/runner/work/Diftar-ios/Diftar-ios/iosApp/build/iosApp.build/Debug-iphonesimulator/iosApp.build/assetcatalog_output/thinned/AppIcon76x76@2x~ipad.png
/Users/runner/work/Diftar-ios/Diftar-ios/iosApp/build/iosApp.build/Debug-iphonesimulator/iosApp.build/assetcatalog_output/thinned/Assets.car


SwiftDriver iosApp normal arm64 com.apple.xcode.tools.swift.compiler (in target 'iosApp' from project 'iosApp')
    cd /Users/runner/work/Diftar-ios/Diftar-ios/iosApp
    builtin-SwiftDriver -- /Applications/Xcode_16.4.app/Contents/Developer/Toolchains/XcodeDefault.xctoolchain/usr/bin/swiftc -module-name DaftarAlMoallim -Onone -enforce-exclusivity\=checked @/Users/runner/work/Diftar-ios/Diftar-ios/iosApp/build/iosApp.build/Debug-iphonesimulator/iosApp.build/Objects-normal/arm64/DaftarAlMoallim.SwiftFileList -DDEBUG -enable-bare-slash-regex -enable-experimental-feature DebugDescriptionMacro -sdk /Applications/Xcode_16.4.app/Contents/Developer/Platforms/iPhoneSimulator.platform/Developer/SDKs/iPhoneSimulator18.5.sdk -target arm64-apple-ios15.0-simulator -g -Xfrontend -serialize-debugging-options -enable-testing -swift-version 5 -I /Users/runner/work/Diftar-ios/Diftar-ios/iosApp/build/Debug-iphonesimulator -F /Users/runner/work/Diftar-ios/Diftar-ios/iosApp/build/Debug-iphonesimulator -F /Users/runner/work/Diftar-ios/Diftar-ios/composeApp/build/xcode-frameworks/Debug/iphonesimulator18.5 -c -j3 -enable-batch-mode -incremental -Xcc -ivfsstatcache -Xcc /var/folders/nj/vtw8zd2j31d1gdrtntc5y4600000gn/C/com.apple.DeveloperTools/16.4-16F6/Xcode/SDKStatCaches.noindex/iphonesimulator18.5-22F76-96ae0914227b19deccb34b33ba7b5dea.sdkstatcache -output-file-map /Users/runner/work/Diftar-ios/Diftar-ios/iosApp/build/iosApp.build/Debug-iphonesimulator/iosApp.build/Objects-normal/arm64/iosApp-OutputFileMap.json -use-frontend-parseable-output -save-temps -no-color-diagnostics -serialize-diagnostics -emit-dependencies -emit-module -emit-module-path /Users/runner/work/Diftar-ios/Diftar-ios/iosApp/build/iosApp.build/Debug-iphonesimulator/iosApp.build/Objects-normal/arm64/DaftarAlMoallim.swiftmodule -validate-clang-modules-once -clang-build-session-file /var/folders/nj/vtw8zd2j31d1gdrtntc5y4600000gn/C/org.llvm.clang/ModuleCache.noindex/Session.modulevalidation -Xcc -I/Users/runner/work/Diftar-ios/Diftar-ios/iosApp/build/iosApp.build/Debug-iphonesimulator/iosApp.build/swift-overrides.hmap -emit-const-values -Xfrontend -const-gather-protocols-file -Xfrontend /Users/runner/work/Diftar-ios/Diftar-ios/iosApp/build/iosApp.build/Debug-iphonesimulator/iosApp.build/Objects-normal/arm64/iosApp_const_extract_protocols.json -Xcc -iquote -Xcc /Users/runner/work/Diftar-ios/Diftar-ios/iosApp/build/iosApp.build/Debug-iphonesimulator/iosApp.build/DaftarAlMoallim-generated-files.hmap -Xcc -I/Users/runner/work/Diftar-ios/Diftar-ios/iosApp/build/iosApp.build/Debug-iphonesimulator/iosApp.build/DaftarAlMoallim-own-target-headers.hmap -Xcc -I/Users/runner/work/Diftar-ios/Diftar-ios/iosApp/build/iosApp.build/Debug-iphonesimulator/iosApp.build/DaftarAlMoallim-all-target-headers.hmap -Xcc -iquote -Xcc /Users/runner/work/Diftar-ios/Diftar-ios/iosApp/build/iosApp.build/Debug-iphonesimulator/iosApp.build/DaftarAlMoallim-project-headers.hmap -Xcc -I/Users/runner/work/Diftar-ios/Diftar-ios/iosApp/build/Debug-iphonesimulator/include -Xcc -I/Users/runner/work/Diftar-ios/Diftar-ios/iosApp/build/iosApp.build/Debug-iphonesimulator/iosApp.build/DerivedSources-normal/arm64 -Xcc -I/Users/runner/work/Diftar-ios/Diftar-ios/iosApp/build/iosApp.build/Debug-iphonesimulator/iosApp.build/DerivedSources/arm64 -Xcc -I/Users/runner/work/Diftar-ios/Diftar-ios/iosApp/build/iosApp.build/Debug-iphonesimulator/iosApp.build/DerivedSources -Xcc -DDEBUG\=1 -emit-objc-header -emit-objc-header-path /Users/runner/work/Diftar-ios/Diftar-ios/iosApp/build/iosApp.build/Debug-iphonesimulator/iosApp.build/Objects-normal/arm64/DaftarAlMoallim-Swift.h -working-directory /Users/runner/work/Diftar-ios/Diftar-ios/iosApp -experimental-emit-module-separately -disable-cmo

SwiftEmitModule normal arm64 Emitting\ module\ for\ DaftarAlMoallim (in target 'iosApp' from project 'iosApp')

EmitSwiftModule normal arm64 (in target 'iosApp' from project 'iosApp')
    cd /Users/runner/work/Diftar-ios/Diftar-ios/iosApp
    
/Users/runner/work/Diftar-ios/Diftar-ios/iosApp/build/Debug-iphonesimulator/ComposeApp.framework/Headers/ComposeApp.h:7605:16: warning: imported declaration 'ComposeAppKotlinStringCompanion' could not be mapped to 'KotlinString.Companion'
__attribute__((swift_name("KotlinString.Companion")))
               ^
/Users/runner/work/Diftar-ios/Diftar-ios/iosApp/build/Debug-iphonesimulator/ComposeApp.framework/Headers/ComposeApp.h:7605:16: note: please report this issue to the owners of 'ComposeApp'
__attribute__((swift_name("KotlinString.Companion")))
               ^
/Users/runner/work/Diftar-ios/Diftar-ios/iosApp/build/Debug-iphonesimulator/ComposeApp.framework/Headers/ComposeApp.h:10279:16: warning: imported declaration 'ComposeAppUi_graphicsPathSegmentType' could not be mapped to 'Ui_graphicsPathSegment.Type_'
__attribute__((swift_name("Ui_graphicsPathSegment.Type_")))
               ^
/Users/runner/work/Diftar-ios/Diftar-ios/iosApp/build/Debug-iphonesimulator/ComposeApp.framework/Headers/ComposeApp.h:10279:16: note: please report this issue to the owners of 'ComposeApp'
__attribute__((swift_name("Ui_graphicsPathSegment.Type_")))
               ^

SwiftCompile normal arm64 Compiling\ iOSApp.swift /Users/runner/work/Diftar-ios/Diftar-ios/iosApp/iosApp/iOSApp.swift (in target 'iosApp' from project 'iosApp')

SwiftCompile normal arm64 /Users/runner/work/Diftar-ios/Diftar-ios/iosApp/iosApp/iOSApp.swift (in target 'iosApp' from project 'iosApp')
    cd /Users/runner/work/Diftar-ios/Diftar-ios/iosApp
    

SwiftCompile normal arm64 Compiling\ GeneratedAssetSymbols.swift /Users/runner/work/Diftar-ios/Diftar-ios/iosApp/build/iosApp.build/Debug-iphonesimulator/iosApp.build/DerivedSources/GeneratedAssetSymbols.swift (in target 'iosApp' from project 'iosApp')

SwiftCompile normal arm64 /Users/runner/work/Diftar-ios/Diftar-ios/iosApp/build/iosApp.build/Debug-iphonesimulator/iosApp.build/DerivedSources/GeneratedAssetSymbols.swift (in target 'iosApp' from project 'iosApp')
    cd /Users/runner/work/Diftar-ios/Diftar-ios/iosApp
    

SwiftDriverJobDiscovery normal arm64 Emitting module for DaftarAlMoallim (in target 'iosApp' from project 'iosApp')

SwiftDriver\ Compilation\ Requirements iosApp normal arm64 com.apple.xcode.tools.swift.compiler (in target 'iosApp' from project 'iosApp')
    cd /Users/runner/work/Diftar-ios/Diftar-ios/iosApp
    builtin-Swift-Compilation-Requirements -- /Applications/Xcode_16.4.app/Contents/Developer/Toolchains/XcodeDefault.xctoolchain/usr/bin/swiftc -module-name DaftarAlMoallim -Onone -enforce-exclusivity\=checked @/Users/runner/work/Diftar-ios/Diftar-ios/iosApp/build/iosApp.build/Debug-iphonesimulator/iosApp.build/Objects-normal/arm64/DaftarAlMoallim.SwiftFileList -DDEBUG -enable-bare-slash-regex -enable-experimental-feature DebugDescriptionMacro -sdk /Applications/Xcode_16.4.app/Contents/Developer/Platforms/iPhoneSimulator.platform/Developer/SDKs/iPhoneSimulator18.5.sdk -target arm64-apple-ios15.0-simulator -g -Xfrontend -serialize-debugging-options -enable-testing -swift-version 5 -I /Users/runner/work/Diftar-ios/Diftar-ios/iosApp/build/Debug-iphonesimulator -F /Users/runner/work/Diftar-ios/Diftar-ios/iosApp/build/Debug-iphonesimulator -F /Users/runner/work/Diftar-ios/Diftar-ios/composeApp/build/xcode-frameworks/Debug/iphonesimulator18.5 -c -j3 -enable-batch-mode -incremental -Xcc -ivfsstatcache -Xcc /var/folders/nj/vtw8zd2j31d1gdrtntc5y4600000gn/C/com.apple.DeveloperTools/16.4-16F6/Xcode/SDKStatCaches.noindex/iphonesimulator18.5-22F76-96ae0914227b19deccb34b33ba7b5dea.sdkstatcache -output-file-map /Users/runner/work/Diftar-ios/Diftar-ios/iosApp/build/iosApp.build/Debug-iphonesimulator/iosApp.build/Objects-normal/arm64/iosApp-OutputFileMap.json -use-frontend-parseable-output -save-temps -no-color-diagnostics -serialize-diagnostics -emit-dependencies -emit-module -emit-module-path /Users/runner/work/Diftar-ios/Diftar-ios/iosApp/build/iosApp.build/Debug-iphonesimulator/iosApp.build/Objects-normal/arm64/DaftarAlMoallim.swiftmodule -validate-clang-modules-once -clang-build-session-file /var/folders/nj/vtw8zd2j31d1gdrtntc5y4600000gn/C/org.llvm.clang/ModuleCache.noindex/Session.modulevalidation -Xcc -I/Users/runner/work/Diftar-ios/Diftar-ios/iosApp/build/iosApp.build/Debug-iphonesimulator/iosApp.build/swift-overrides.hmap -emit-const-values -Xfrontend -const-gather-protocols-file -Xfrontend /Users/runner/work/Diftar-ios/Diftar-ios/iosApp/build/iosApp.build/Debug-iphonesimulator/iosApp.build/Objects-normal/arm64/iosApp_const_extract_protocols.json -Xcc -iquote -Xcc /Users/runner/work/Diftar-ios/Diftar-ios/iosApp/build/iosApp.build/Debug-iphonesimulator/iosApp.build/DaftarAlMoallim-generated-files.hmap -Xcc -I/Users/runner/work/Diftar-ios/Diftar-ios/iosApp/build/iosApp.build/Debug-iphonesimulator/iosApp.build/DaftarAlMoallim-own-target-headers.hmap -Xcc -I/Users/runner/work/Diftar-ios/Diftar-ios/iosApp/build/iosApp.build/Debug-iphonesimulator/iosApp.build/DaftarAlMoallim-all-target-headers.hmap -Xcc -iquote -Xcc /Users/runner/work/Diftar-ios/Diftar-ios/iosApp/build/iosApp.build/Debug-iphonesimulator/iosApp.build/DaftarAlMoallim-project-headers.hmap -Xcc -I/Users/runner/work/Diftar-ios/Diftar-ios/iosApp/build/Debug-iphonesimulator/include -Xcc -I/Users/runner/work/Diftar-ios/Diftar-ios/iosApp/build/iosApp.build/Debug-iphonesimulator/iosApp.build/DerivedSources-normal/arm64 -Xcc -I/Users/runner/work/Diftar-ios/Diftar-ios/iosApp/build/iosApp.build/Debug-iphonesimulator/iosApp.build/DerivedSources/arm64 -Xcc -I/Users/runner/work/Diftar-ios/Diftar-ios/iosApp/build/iosApp.build/Debug-iphonesimulator/iosApp.build/DerivedSources -Xcc -DDEBUG\=1 -emit-objc-header -emit-objc-header-path /Users/runner/work/Diftar-ios/Diftar-ios/iosApp/build/iosApp.build/Debug-iphonesimulator/iosApp.build/Objects-normal/arm64/DaftarAlMoallim-Swift.h -working-directory /Users/runner/work/Diftar-ios/Diftar-ios/iosApp -experimental-emit-module-separately -disable-cmo

SwiftDriverJobDiscovery normal arm64 Compiling iOSApp.swift (in target 'iosApp' from project 'iosApp')

SwiftMergeGeneratedHeaders /Users/runner/work/Diftar-ios/Diftar-ios/iosApp/build/iosApp.build/Debug-iphonesimulator/iosApp.build/DerivedSources/DaftarAlMoallim-Swift.h /Users/runner/work/Diftar-ios/Diftar-ios/iosApp/build/iosApp.build/Debug-iphonesimulator/iosApp.build/Objects-normal/arm64/DaftarAlMoallim-Swift.h (in target 'iosApp' from project 'iosApp')
    cd /Users/runner/work/Diftar-ios/Diftar-ios/iosApp
    builtin-swiftHeaderTool -arch arm64 /Users/runner/work/Diftar-ios/Diftar-ios/iosApp/build/iosApp.build/Debug-iphonesimulator/iosApp.build/Objects-normal/arm64/DaftarAlMoallim-Swift.h -o /Users/runner/work/Diftar-ios/Diftar-ios/iosApp/build/iosApp.build/Debug-iphonesimulator/iosApp.build/DerivedSources/DaftarAlMoallim-Swift.h

Copy /Users/runner/work/Diftar-ios/Diftar-ios/iosApp/build/Debug-iphonesimulator/DaftarAlMoallim.swiftmodule/arm64-apple-ios-simulator.swiftmodule /Users/runner/work/Diftar-ios/Diftar-ios/iosApp/build/iosApp.build/Debug-iphonesimulator/iosApp.build/Objects-normal/arm64/DaftarAlMoallim.swiftmodule (in target 'iosApp' from project 'iosApp')
    cd /Users/runner/work/Diftar-ios/Diftar-ios/iosApp
    builtin-copy -exclude .DS_Store -exclude CVS -exclude .svn -exclude .git -exclude .hg -resolve-src-symlinks -rename /Users/runner/work/Diftar-ios/Diftar-ios/iosApp/build/iosApp.build/Debug-iphonesimulator/iosApp.build/Objects-normal/arm64/DaftarAlMoallim.swiftmodule /Users/runner/work/Diftar-ios/Diftar-ios/iosApp/build/Debug-iphonesimulator/DaftarAlMoallim.swiftmodule/arm64-apple-ios-simulator.swiftmodule

Copy /Users/runner/work/Diftar-ios/Diftar-ios/iosApp/build/Debug-iphonesimulator/DaftarAlMoallim.swiftmodule/arm64-apple-ios-simulator.swiftdoc /Users/runner/work/Diftar-ios/Diftar-ios/iosApp/build/iosApp.build/Debug-iphonesimulator/iosApp.build/Objects-normal/arm64/DaftarAlMoallim.swiftdoc (in target 'iosApp' from project 'iosApp')
    cd /Users/runner/work/Diftar-ios/Diftar-ios/iosApp
    builtin-copy -exclude .DS_Store -exclude CVS -exclude .svn -exclude .git -exclude .hg -resolve-src-symlinks -rename /Users/runner/work/Diftar-ios/Diftar-ios/iosApp/build/iosApp.build/Debug-iphonesimulator/iosApp.build/Objects-normal/arm64/DaftarAlMoallim.swiftdoc /Users/runner/work/Diftar-ios/Diftar-ios/iosApp/build/Debug-iphonesimulator/DaftarAlMoallim.swiftmodule/arm64-apple-ios-simulator.swiftdoc

Copy /Users/runner/work/Diftar-ios/Diftar-ios/iosApp/build/Debug-iphonesimulator/DaftarAlMoallim.swiftmodule/arm64-apple-ios-simulator.abi.json /Users/runner/work/Diftar-ios/Diftar-ios/iosApp/build/iosApp.build/Debug-iphonesimulator/iosApp.build/Objects-normal/arm64/DaftarAlMoallim.abi.json (in target 'iosApp' from project 'iosApp')
    cd /Users/runner/work/Diftar-ios/Diftar-ios/iosApp
    builtin-copy -exclude .DS_Store -exclude CVS -exclude .svn -exclude .git -exclude .hg -resolve-src-symlinks -rename /Users/runner/work/Diftar-ios/Diftar-ios/iosApp/build/iosApp.build/Debug-iphonesimulator/iosApp.build/Objects-normal/arm64/DaftarAlMoallim.abi.json /Users/runner/work/Diftar-ios/Diftar-ios/iosApp/build/Debug-iphonesimulator/DaftarAlMoallim.swiftmodule/arm64-apple-ios-simulator.abi.json

Copy /Users/runner/work/Diftar-ios/Diftar-ios/iosApp/build/Debug-iphonesimulator/DaftarAlMoallim.swiftmodule/Project/arm64-apple-ios-simulator.swiftsourceinfo /Users/runner/work/Diftar-ios/Diftar-ios/iosApp/build/iosApp.build/Debug-iphonesimulator/iosApp.build/Objects-normal/arm64/DaftarAlMoallim.swiftsourceinfo (in target 'iosApp' from project 'iosApp')
    cd /Users/runner/work/Diftar-ios/Diftar-ios/iosApp
    builtin-copy -exclude .DS_Store -exclude CVS -exclude .svn -exclude .git -exclude .hg -resolve-src-symlinks -rename /Users/runner/work/Diftar-ios/Diftar-ios/iosApp/build/iosApp.build/Debug-iphonesimulator/iosApp.build/Objects-normal/arm64/DaftarAlMoallim.swiftsourceinfo /Users/runner/work/Diftar-ios/Diftar-ios/iosApp/build/Debug-iphonesimulator/DaftarAlMoallim.swiftmodule/Project/arm64-apple-ios-simulator.swiftsourceinfo

SwiftDriverJobDiscovery normal arm64 Compiling GeneratedAssetSymbols.swift (in target 'iosApp' from project 'iosApp')

SwiftDriver\ Compilation iosApp normal arm64 com.apple.xcode.tools.swift.compiler (in target 'iosApp' from project 'iosApp')
    cd /Users/runner/work/Diftar-ios/Diftar-ios/iosApp
    builtin-Swift-Compilation -- /Applications/Xcode_16.4.app/Contents/Developer/Toolchains/XcodeDefault.xctoolchain/usr/bin/swiftc -module-name DaftarAlMoallim -Onone -enforce-exclusivity\=checked @/Users/runner/work/Diftar-ios/Diftar-ios/iosApp/build/iosApp.build/Debug-iphonesimulator/iosApp.build/Objects-normal/arm64/DaftarAlMoallim.SwiftFileList -DDEBUG -enable-bare-slash-regex -enable-experimental-feature DebugDescriptionMacro -sdk /Applications/Xcode_16.4.app/Contents/Developer/Platforms/iPhoneSimulator.platform/Developer/SDKs/iPhoneSimulator18.5.sdk -target arm64-apple-ios15.0-simulator -g -Xfrontend -serialize-debugging-options -enable-testing -swift-version 5 -I /Users/runner/work/Diftar-ios/Diftar-ios/iosApp/build/Debug-iphonesimulator -F /Users/runner/work/Diftar-ios/Diftar-ios/iosApp/build/Debug-iphonesimulator -F /Users/runner/work/Diftar-ios/Diftar-ios/composeApp/build/xcode-frameworks/Debug/iphonesimulator18.5 -c -j3 -enable-batch-mode -incremental -Xcc -ivfsstatcache -Xcc /var/folders/nj/vtw8zd2j31d1gdrtntc5y4600000gn/C/com.apple.DeveloperTools/16.4-16F6/Xcode/SDKStatCaches.noindex/iphonesimulator18.5-22F76-96ae0914227b19deccb34b33ba7b5dea.sdkstatcache -output-file-map /Users/runner/work/Diftar-ios/Diftar-ios/iosApp/build/iosApp.build/Debug-iphonesimulator/iosApp.build/Objects-normal/arm64/iosApp-OutputFileMap.json -use-frontend-parseable-output -save-temps -no-color-diagnostics -serialize-diagnostics -emit-dependencies -emit-module -emit-module-path /Users/runner/work/Diftar-ios/Diftar-ios/iosApp/build/iosApp.build/Debug-iphonesimulator/iosApp.build/Objects-normal/arm64/DaftarAlMoallim.swiftmodule -validate-clang-modules-once -clang-build-session-file /var/folders/nj/vtw8zd2j31d1gdrtntc5y4600000gn/C/org.llvm.clang/ModuleCache.noindex/Session.modulevalidation -Xcc -I/Users/runner/work/Diftar-ios/Diftar-ios/iosApp/build/iosApp.build/Debug-iphonesimulator/iosApp.build/swift-overrides.hmap -emit-const-values -Xfrontend -const-gather-protocols-file -Xfrontend /Users/runner/work/Diftar-ios/Diftar-ios/iosApp/build/iosApp.build/Debug-iphonesimulator/iosApp.build/Objects-normal/arm64/iosApp_const_extract_protocols.json -Xcc -iquote -Xcc /Users/runner/work/Diftar-ios/Diftar-ios/iosApp/build/iosApp.build/Debug-iphonesimulator/iosApp.build/DaftarAlMoallim-generated-files.hmap -Xcc -I/Users/runner/work/Diftar-ios/Diftar-ios/iosApp/build/iosApp.build/Debug-iphonesimulator/iosApp.build/DaftarAlMoallim-own-target-headers.hmap -Xcc -I/Users/runner/work/Diftar-ios/Diftar-ios/iosApp/build/iosApp.build/Debug-iphonesimulator/iosApp.build/DaftarAlMoallim-all-target-headers.hmap -Xcc -iquote -Xcc /Users/runner/work/Diftar-ios/Diftar-ios/iosApp/build/iosApp.build/Debug-iphonesimulator/iosApp.build/DaftarAlMoallim-project-headers.hmap -Xcc -I/Users/runner/work/Diftar-ios/Diftar-ios/iosApp/build/Debug-iphonesimulator/include -Xcc -I/Users/runner/work/Diftar-ios/Diftar-ios/iosApp/build/iosApp.build/Debug-iphonesimulator/iosApp.build/DerivedSources-normal/arm64 -Xcc -I/Users/runner/work/Diftar-ios/Diftar-ios/iosApp/build/iosApp.build/Debug-iphonesimulator/iosApp.build/DerivedSources/arm64 -Xcc -I/Users/runner/work/Diftar-ios/Diftar-ios/iosApp/build/iosApp.build/Debug-iphonesimulator/iosApp.build/DerivedSources -Xcc -DDEBUG\=1 -emit-objc-header -emit-objc-header-path /Users/runner/work/Diftar-ios/Diftar-ios/iosApp/build/iosApp.build/Debug-iphonesimulator/iosApp.build/Objects-normal/arm64/DaftarAlMoallim-Swift.h -working-directory /Users/runner/work/Diftar-ios/Diftar-ios/iosApp -experimental-emit-module-separately -disable-cmo

Ld /Users/runner/work/Diftar-ios/Diftar-ios/iosApp/build/Debug-iphonesimulator/DaftarAlMoallim.app/DaftarAlMoallim normal (in target 'iosApp' from project 'iosApp')
    cd /Users/runner/work/Diftar-ios/Diftar-ios/iosApp
    /Applications/Xcode_16.4.app/Contents/Developer/Toolchains/XcodeDefault.xctoolchain/usr/bin/clang -Xlinker -reproducible -target arm64-apple-ios15.0-simulator -isysroot /Applications/Xcode_16.4.app/Contents/Developer/Platforms/iPhoneSimulator.platform/Developer/SDKs/iPhoneSimulator18.5.sdk -O0 -L/Users/runner/work/Diftar-ios/Diftar-ios/iosApp/build/EagerLinkingTBDs/Debug-iphonesimulator -L/Users/runner/work/Diftar-ios/Diftar-ios/iosApp/build/Debug-iphonesimulator -F/Users/runner/work/Diftar-ios/Diftar-ios/iosApp/build/EagerLinkingTBDs/Debug-iphonesimulator -F/Users/runner/work/Diftar-ios/Diftar-ios/iosApp/build/Debug-iphonesimulator -F/Users/runner/work/Diftar-ios/Diftar-ios/composeApp/build/xcode-frameworks/Debug/iphonesimulator18.5 -filelist /Users/runner/work/Diftar-ios/Diftar-ios/iosApp/build/iosApp.build/Debug-iphonesimulator/iosApp.build/Objects-normal/arm64/DaftarAlMoallim.LinkFileList -Xlinker -rpath -Xlinker @executable_path/Frameworks -dead_strip -Xlinker -object_path_lto -Xlinker /Users/runner/work/Diftar-ios/Diftar-ios/iosApp/build/iosApp.build/Debug-iphonesimulator/iosApp.build/Objects-normal/arm64/DaftarAlMoallim_lto.o -rdynamic -Xlinker -no_deduplicate -Xlinker -objc_abi_version -Xlinker 2 -Xlinker -dependency_info -Xlinker /Users/runner/work/Diftar-ios/Diftar-ios/iosApp/build/iosApp.build/Debug-iphonesimulator/iosApp.build/Objects-normal/arm64/DaftarAlMoallim_dependency_info.dat -fobjc-link-runtime -L/Applications/Xcode_16.4.app/Contents/Developer/Toolchains/XcodeDefault.xctoolchain/usr/lib/swift/iphonesimulator -L/usr/lib/swift -Xlinker -add_ast_path -Xlinker /Users/runner/work/Diftar-ios/Diftar-ios/iosApp/build/iosApp.build/Debug-iphonesimulator/iosApp.build/Objects-normal/arm64/DaftarAlMoallim.swiftmodule -framework ComposeApp -o /Users/runner/work/Diftar-ios/Diftar-ios/iosApp/build/Debug-iphonesimulator/DaftarAlMoallim.app/DaftarAlMoallim
ld: warning: object file (/Users/runner/work/Diftar-ios/Diftar-ios/composeApp/build/xcode-frameworks/Debug/iphonesimulator18.5/ComposeApp.framework/ComposeApp[1736](libicu.icudtl_dat.o)) was built for newer 'iOS-simulator' version (17.2) than being linked (15.0)

LinkAssetCatalog /Users/runner/work/Diftar-ios/Diftar-ios/iosApp/iosApp/Assets.xcassets (in target 'iosApp' from project 'iosApp')
    cd /Users/runner/work/Diftar-ios/Diftar-ios/iosApp
    builtin-linkAssetCatalog --thinned /Users/runner/work/Diftar-ios/Diftar-ios/iosApp/build/iosApp.build/Debug-iphonesimulator/iosApp.build/assetcatalog_output/thinned --thinned-dependencies /Users/runner/work/Diftar-ios/Diftar-ios/iosApp/build/iosApp.build/Debug-iphonesimulator/iosApp.build/assetcatalog_dependencies_thinned --thinned-info-plist-content /Users/runner/work/Diftar-ios/Diftar-ios/iosApp/build/iosApp.build/Debug-iphonesimulator/iosApp.build/assetcatalog_generated_info.plist_thinned --unthinned /Users/runner/work/Diftar-ios/Diftar-ios/iosApp/build/iosApp.build/Debug-iphonesimulator/iosApp.build/assetcatalog_output/unthinned --unthinned-dependencies /Users/runner/work/Diftar-ios/Diftar-ios/iosApp/build/iosApp.build/Debug-iphonesimulator/iosApp.build/assetcatalog_dependencies_unthinned --unthinned-info-plist-content /Users/runner/work/Diftar-ios/Diftar-ios/iosApp/build/iosApp.build/Debug-iphonesimulator/iosApp.build/assetcatalog_generated_info.plist_unthinned --output /Users/runner/work/Diftar-ios/Diftar-ios/iosApp/build/Debug-iphonesimulator/DaftarAlMoallim.app --plist-output /Users/runner/work/Diftar-ios/Diftar-ios/iosApp/build/iosApp.build/Debug-iphonesimulator/iosApp.build/assetcatalog_generated_info.plist
note: Emplaced /Users/runner/work/Diftar-ios/Diftar-ios/iosApp/build/Debug-iphonesimulator/DaftarAlMoallim.app/Assets.car (in target 'iosApp' from project 'iosApp')
note: Emplaced /Users/runner/work/Diftar-ios/Diftar-ios/iosApp/build/Debug-iphonesimulator/DaftarAlMoallim.app/AppIcon76x76@2x~ipad.png (in target 'iosApp' from project 'iosApp')
note: Emplaced /Users/runner/work/Diftar-ios/Diftar-ios/iosApp/build/Debug-iphonesimulator/DaftarAlMoallim.app/AppIcon60x60@2x.png (in target 'iosApp' from project 'iosApp')

ProcessInfoPlistFile /Users/runner/work/Diftar-ios/Diftar-ios/iosApp/build/Debug-iphonesimulator/DaftarAlMoallim.app/Info.plist /Users/runner/work/Diftar-ios/Diftar-ios/iosApp/iosApp/Info.plist (in target 'iosApp' from project 'iosApp')
    cd /Users/runner/work/Diftar-ios/Diftar-ios/iosApp
    builtin-infoPlistUtility /Users/runner/work/Diftar-ios/Diftar-ios/iosApp/iosApp/Info.plist -producttype com.apple.product-type.application -genpkginfo /Users/runner/work/Diftar-ios/Diftar-ios/iosApp/build/Debug-iphonesimulator/DaftarAlMoallim.app/PkgInfo -expandbuildsettings -format binary -platform iphonesimulator -additionalcontentfile /Users/runner/work/Diftar-ios/Diftar-ios/iosApp/build/iosApp.build/Debug-iphonesimulator/iosApp.build/assetcatalog_generated_info.plist -o /Users/runner/work/Diftar-ios/Diftar-ios/iosApp/build/Debug-iphonesimulator/DaftarAlMoallim.app/Info.plist

ExtractAppIntentsMetadata (in target 'iosApp' from project 'iosApp')
    cd /Users/runner/work/Diftar-ios/Diftar-ios/iosApp
    /Applications/Xcode_16.4.app/Contents/Developer/Toolchains/XcodeDefault.xctoolchain/usr/bin/appintentsmetadataprocessor --toolchain-dir /Applications/Xcode_16.4.app/Contents/Developer/Toolchains/XcodeDefault.xctoolchain --module-name DaftarAlMoallim --sdk-root /Applications/Xcode_16.4.app/Contents/Developer/Platforms/iPhoneSimulator.platform/Developer/SDKs/iPhoneSimulator18.5.sdk --xcode-version 16F6 --platform-family iOS --deployment-target 15.0 --bundle-identifier com.elyedali.schoolmanager --output /Users/runner/work/Diftar-ios/Diftar-ios/iosApp/build/Debug-iphonesimulator/DaftarAlMoallim.app --target-triple arm64-apple-ios15.0-simulator --binary-file /Users/runner/work/Diftar-ios/Diftar-ios/iosApp/build/Debug-iphonesimulator/DaftarAlMoallim.app/DaftarAlMoallim --dependency-file /Users/runner/work/Diftar-ios/Diftar-ios/iosApp/build/iosApp.build/Debug-iphonesimulator/iosApp.build/Objects-normal/arm64/DaftarAlMoallim_dependency_info.dat --stringsdata-file /Users/runner/work/Diftar-ios/Diftar-ios/iosApp/build/iosApp.build/Debug-iphonesimulator/iosApp.build/Objects-normal/arm64/ExtractedAppShortcutsMetadata.stringsdata --source-file-list /Users/runner/work/Diftar-ios/Diftar-ios/iosApp/build/iosApp.build/Debug-iphonesimulator/iosApp.build/Objects-normal/arm64/DaftarAlMoallim.SwiftFileList --metadata-file-list /Users/runner/work/Diftar-ios/Diftar-ios/iosApp/build/iosApp.build/Debug-iphonesimulator/iosApp.build/DaftarAlMoallim.DependencyMetadataFileList --static-metadata-file-list /Users/runner/work/Diftar-ios/Diftar-ios/iosApp/build/iosApp.build/Debug-iphonesimulator/iosApp.build/DaftarAlMoallim.DependencyStaticMetadataFileList --swift-const-vals-list /Users/runner/work/Diftar-ios/Diftar-ios/iosApp/build/iosApp.build/Debug-iphonesimulator/iosApp.build/Objects-normal/arm64/DaftarAlMoallim.SwiftConstValuesFileList --compile-time-extraction --deployment-aware-processing --validate-assistant-intents --no-app-shortcuts-localization
2026-09-28 23:18:40.721 appintentsmetadataprocessor[31938:87758] Starting appintentsmetadataprocessor export
2026-09-28 23:18:40.731 appintentsmetadataprocessor[31938:87758] warning: Metadata extraction skipped. No AppIntents.framework dependency found.

CopySwiftLibs /Users/runner/work/Diftar-ios/Diftar-ios/iosApp/build/Debug-iphonesimulator/DaftarAlMoallim.app (in target 'iosApp' from project 'iosApp')
    cd /Users/runner/work/Diftar-ios/Diftar-ios/iosApp
    builtin-swiftStdLibTool --copy --verbose --scan-executable /Users/runner/work/Diftar-ios/Diftar-ios/iosApp/build/Debug-iphonesimulator/DaftarAlMoallim.app/DaftarAlMoallim --scan-folder /Users/runner/work/Diftar-ios/Diftar-ios/iosApp/build/Debug-iphonesimulator/DaftarAlMoallim.app/Frameworks --scan-folder /Users/runner/work/Diftar-ios/Diftar-ios/iosApp/build/Debug-iphonesimulator/DaftarAlMoallim.app/PlugIns --scan-folder /Users/runner/work/Diftar-ios/Diftar-ios/iosApp/build/Debug-iphonesimulator/DaftarAlMoallim.app/SystemExtensions --scan-folder /Users/runner/work/Diftar-ios/Diftar-ios/iosApp/build/Debug-iphonesimulator/DaftarAlMoallim.app/Extensions --platform iphonesimulator --toolchain /Applications/Xcode_16.4.app/Contents/Developer/Toolchains/XcodeDefault.xctoolchain --destination /Users/runner/work/Diftar-ios/Diftar-ios/iosApp/build/Debug-iphonesimulator/DaftarAlMoallim.app/Frameworks --strip-bitcode --strip-bitcode-tool /Applications/Xcode_16.4.app/Contents/Developer/Toolchains/XcodeDefault.xctoolchain/usr/bin/bitcode_strip --emit-dependency-info /Users/runner/work/Diftar-ios/Diftar-ios/iosApp/build/iosApp.build/Debug-iphonesimulator/iosApp.build/SwiftStdLibToolInputDependencies.dep --filter-for-swift-os
Ignoring --strip-bitcode because --sign was not passed

AppIntentsSSUTraining (in target 'iosApp' from project 'iosApp')
    cd /Users/runner/work/Diftar-ios/Diftar-ios/iosApp
    /Applications/Xcode_16.4.app/Contents/Developer/Toolchains/XcodeDefault.xctoolchain/usr/bin/appintentsnltrainingprocessor --infoplist-path /Users/runner/work/Diftar-ios/Diftar-ios/iosApp/build/Debug-iphonesimulator/DaftarAlMoallim.app/Info.plist --temp-dir-path /Users/runner/work/Diftar-ios/Diftar-ios/iosApp/build/iosApp.build/Debug-iphonesimulator/iosApp.build/ssu --bundle-id com.elyedali.schoolmanager --product-path /Users/runner/work/Diftar-ios/Diftar-ios/iosApp/build/Debug-iphonesimulator/DaftarAlMoallim.app --extracted-metadata-path /Users/runner/work/Diftar-ios/Diftar-ios/iosApp/build/Debug-iphonesimulator/DaftarAlMoallim.app/Metadata.appintents --metadata-file-list /Users/runner/work/Diftar-ios/Diftar-ios/iosApp/build/iosApp.build/Debug-iphonesimulator/iosApp.build/DaftarAlMoallim.DependencyMetadataFileList --archive-ssu-assets
2026-09-28 23:18:40.817 appintentsnltrainingprocessor[31939:87759] Parsing options for appintentsnltrainingprocessor
2026-09-28 23:18:40.819 appintentsnltrainingprocessor[31939:87759] No AppShortcuts found - Skipping.

RegisterExecutionPolicyException /Users/runner/work/Diftar-ios/Diftar-ios/iosApp/build/Debug-iphonesimulator/DaftarAlMoallim.app (in target 'iosApp' from project 'iosApp')
    cd /Users/runner/work/Diftar-ios/Diftar-ios/iosApp
    builtin-RegisterExecutionPolicyException /Users/runner/work/Diftar-ios/Diftar-ios/iosApp/build/Debug-iphonesimulator/DaftarAlMoallim.app

Validate /Users/runner/work/Diftar-ios/Diftar-ios/iosApp/build/Debug-iphonesimulator/DaftarAlMoallim.app (in target 'iosApp' from project 'iosApp')
    cd /Users/runner/work/Diftar-ios/Diftar-ios/iosApp
    builtin-validationUtility /Users/runner/work/Diftar-ios/Diftar-ios/iosApp/build/Debug-iphonesimulator/DaftarAlMoallim.app -infoplist-subpath Info.plist

Touch /Users/runner/work/Diftar-ios/Diftar-ios/iosApp/build/Debug-iphonesimulator/DaftarAlMoallim.app (in target 'iosApp' from project 'iosApp')
    cd /Users/runner/work/Diftar-ios/Diftar-ios/iosApp
    /usr/bin/touch -c /Users/runner/work/Diftar-ios/Diftar-ios/iosApp/build/Debug-iphonesimulator/DaftarAlMoallim.app

note: Run script build phase 'Compile Kotlin Framework' will be run during every build because the option to run the script phase "Based on dependency analysis" is unchecked. (in target 'iosApp' from project 'iosApp')
** BUILD SUCCEEDED **

